core_cm3.h:1452:22:NVIC_EnableIRQ	16	static
nucleo152start.h:1:6:SetSysClock	16	static
main.c:26:5:main	48	static
main.c:83:6:USART1_IRQHandler	32	static
main.c:104:6:delay_Ms	24	static
main.c:110:6:USART1_Init	4	static
main.c:121:6:USART2_Init	4	static
main.c:132:6:USART1_write	16	static
main.c:137:6:USART2_write	16	static
main.c:142:6:USART2_write_string	16	static
main.c:148:20:CRC16	24	static
main.c:162:6:USART1_read	4	static
main.c:167:6:wrong_slave_address	8	static
main.c:177:5:read_sensor	24	static
main.c:186:6:respond_frame	56	static
